yyyy-12-01 15:55:14 [INFO]: Loading App... 

yyyy-12-01 15:55:14 [INFO]: MongoDB connected 

yyyy-12-01 15:55:14 [INFO]: Loading Middlewares...
yyyy-12-01 15:55:14 [INFO]: All Middlewares Loaded...

yyyy-12-01 15:55:14 [INFO]: Mounting Routes...
yyyy-12-01 15:55:14 [INFO]: Root Router mounted at: /
yyyy-12-01 15:55:14 [INFO]: Routes Mounted... 

yyyy-12-01 15:55:14 [INFO]: Server is running at http://localhost:3000 

yyyy-12-01 16:56:40 [INFO]: Loading App... 

yyyy-12-01 16:56:40 [INFO]: MongoDB connected 

yyyy-12-01 16:56:40 [INFO]: Loading Middlewares...
yyyy-12-01 16:56:40 [INFO]: All Middlewares Loaded...

yyyy-12-01 16:56:40 [INFO]: Mounting Routes...
yyyy-12-01 16:56:40 [INFO]: Root Router mounted at: /
yyyy-12-01 16:56:40 [INFO]: Routes Mounted... 

yyyy-12-01 16:56:40 [INFO]: Server is running at http://localhost:3000 

yyyy-12-01 16:56:59 [INFO]: Loading App... 

yyyy-12-01 16:56:59 [INFO]: MongoDB connected 

yyyy-12-01 16:56:59 [INFO]: Loading Middlewares...
yyyy-12-01 16:56:59 [INFO]: All Middlewares Loaded...

yyyy-12-01 16:56:59 [INFO]: Mounting Routes...
yyyy-12-01 16:56:59 [INFO]: Root Router mounted at: /
yyyy-12-01 16:56:59 [INFO]: Routes Mounted... 

yyyy-12-01 16:56:59 [INFO]: Server is running at http://localhost:3000 

yyyy-12-01 16:57:51 [INFO]: Loading App... 

yyyy-12-01 16:58:21 [INFO]: MongoDB connection error: Server selection timed out after 30000 ms
yyyy-12-01 16:58:43 [INFO]: Loading App... 

yyyy-12-01 16:59:13 [ERROR]: MongoDB connection error: Server selection timed out after 30000 ms
yyyy-12-01 17:04:56 [INFO]: Loading App... 

yyyy-12-01 17:04:56 [INFO]: MongoDB connected 

yyyy-12-01 17:04:56 [INFO]: Loading Middlewares...
yyyy-12-01 17:04:56 [INFO]: All Middlewares Loaded...
mongoose.connect(path);
yyyy-12-01 17:04:56 [INFO]: Mounting Routes...
yyyy-12-01 17:04:56 [INFO]: Root Router mounted at: /
yyyy-12-01 17:04:56 [INFO]: Routes Mounted... 

yyyy-12-01 17:04:56 [INFO]: Server is running at http://localhost:3000 

yyyy-12-01 17:22:10 [INFO]: Loading App... 

yyyy-12-01 17:22:10 [INFO]: MongoDB connected 

yyyy-12-01 17:22:10 [INFO]: Loading Middlewares...
yyyy-12-01 17:22:10 [INFO]: All Middlewares Loaded...

yyyy-12-01 17:22:10 [INFO]: Mounting Routes...
yyyy-12-01 17:22:10 [INFO]: Root Router mounted at: /
yyyy-12-01 17:22:10 [INFO]: Routes Mounted... 

yyyy-12-01 17:22:10 [INFO]: Server is running at http://localhost:3000 

yyyy-12-01 17:36:20 [INFO]: Loading App... 

yyyy-12-01 17:36:20 [INFO]: MongoDB connected 

yyyy-12-01 17:36:20 [INFO]: Loading Middlewares...
yyyy-12-01 17:36:20 [INFO]: All Middlewares Loaded...

yyyy-12-01 17:36:20 [INFO]: Mounting Routes...
yyyy-12-01 17:36:20 [INFO]: Root Router mounted at: /
yyyy-12-01 17:36:20 [INFO]: Routes Mounted... 

yyyy-12-01 17:36:20 [INFO]: Server is running at http://localhost:3000 with 9488

yyyy-12-01 17:36:29 [INFO]: Middleware 1 executed
yyyy-12-01 17:36:29 [INFO]: Middleware 1 executed
yyyy-12-01 17:36:29 [INFO]: Middleware 1 executed
yyyy-12-01 17:36:35 [INFO]: Middleware 1 executed
yyyy-12-01 17:36:35 [INFO]: Middleware 1 executed
yyyy-12-01 17:36:35 [INFO]: Middleware 1 executed
yyyy-12-01 17:36:36 [INFO]: Middleware 1 executed
yyyy-12-01 17:36:36 [INFO]: Middleware 1 executed
yyyy-12-01 17:36:36 [INFO]: Middleware 1 executed
yyyy-12-01 17:36:36 [INFO]: Middleware 1 executed
yyyy-12-01 17:36:36 [INFO]: Middleware 1 executed
yyyy-12-01 17:37:11 [INFO]: Loading App... 

yyyy-12-01 17:37:11 [INFO]: MongoDB connected 

yyyy-12-01 17:37:11 [INFO]: Loading Middlewares...
yyyy-12-01 17:37:11 [INFO]: All Middlewares Loaded...

yyyy-12-01 17:37:11 [INFO]: Mounting Routes...
yyyy-12-01 17:37:11 [INFO]: Root Router mounted at: /
yyyy-12-01 17:37:11 [INFO]: Routes Mounted... 

yyyy-12-01 17:37:11 [INFO]: Server is running at http://localhost:3000 with 9686

yyyy-12-01 17:37:17 [INFO]: Middleware 1 executed on process pid 9686
yyyy-12-01 17:37:17 [INFO]: Middleware 1 executed on process pid 9686
yyyy-12-01 17:37:17 [INFO]: Middleware 1 executed on process pid 9686
yyyy-12-01 17:37:17 [INFO]: Middleware 1 executed on process pid 9686
yyyy-12-01 17:37:17 [INFO]: Middleware 1 executed on process pid 9686
yyyy-12-01 17:37:17 [INFO]: Middleware 1 executed on process pid 9686
yyyy-12-01 17:37:17 [INFO]: Middleware 1 executed on process pid 9686
yyyy-12-01 17:37:18 [INFO]: Middleware 1 executed on process pid 9686
yyyy-12-01 17:37:18 [INFO]: Middleware 1 executed on process pid 9686
yyyy-12-01 17:37:18 [INFO]: Middleware 1 executed on process pid 9686
yyyy-12-01 17:37:18 [INFO]: Middleware 1 executed on process pid 9686
yyyy-12-01 17:37:18 [INFO]: Middleware 1 executed on process pid 9686
yyyy-12-01 17:37:18 [INFO]: Middleware 1 executed on process pid 9686
yyyy-12-01 17:37:18 [INFO]: Middleware 1 executed on process pid 9686
yyyy-12-01 17:37:19 [INFO]: Middleware 1 executed on process pid 9686
yyyy-12-01 17:37:19 [INFO]: Middleware 1 executed on process pid 9686
yyyy-12-01 17:37:19 [INFO]: Middleware 1 executed on process pid 9686
yyyy-12-01 17:37:19 [INFO]: Middleware 1 executed on process pid 9686
yyyy-12-01 17:37:19 [INFO]: Middleware 1 executed on process pid 9686
yyyy-12-01 17:39:10 [INFO]: Loading App... 

yyyy-12-01 17:39:10 [INFO]: MongoDB connected 

yyyy-12-01 17:39:10 [INFO]: Loading App... 

yyyy-12-01 17:39:10 [INFO]: Loading App... 

yyyy-12-01 17:39:10 [INFO]: Loading Middlewares...
yyyy-12-01 17:39:10 [INFO]: All Middlewares Loaded...

yyyy-12-01 17:39:10 [INFO]: Mounting Routes...
yyyy-12-01 17:39:10 [INFO]: Root Router mounted at: /
yyyy-12-01 17:39:10 [INFO]: Routes Mounted... 

yyyy-12-01 17:39:10 [INFO]: Loading App... 

yyyy-12-01 17:39:10 [INFO]: Server is running at http://localhost:3000 with 9866

yyyy-12-01 17:39:10 [INFO]: MongoDB connected 

yyyy-12-01 17:39:10 [INFO]: MongoDB connected 

yyyy-12-01 17:39:10 [INFO]: MongoDB connected 

yyyy-12-01 17:39:10 [INFO]: Loading App... 

yyyy-12-01 17:39:10 [INFO]: Loading Middlewares...
yyyy-12-01 17:39:10 [INFO]: All Middlewares Loaded...

yyyy-12-01 17:39:10 [INFO]: Mounting Routes...
yyyy-12-01 17:39:10 [INFO]: Root Router mounted at: /
yyyy-12-01 17:39:10 [INFO]: Routes Mounted... 

yyyy-12-01 17:39:10 [INFO]: Loading Middlewares...
yyyy-12-01 17:39:10 [INFO]: All Middlewares Loaded...

yyyy-12-01 17:39:10 [INFO]: Mounting Routes...
yyyy-12-01 17:39:10 [INFO]: Root Router mounted at: /
yyyy-12-01 17:39:10 [INFO]: Routes Mounted... 

yyyy-12-01 17:39:10 [INFO]: Loading Middlewares...
yyyy-12-01 17:39:10 [INFO]: All Middlewares Loaded...

yyyy-12-01 17:39:10 [INFO]: Mounting Routes...
yyyy-12-01 17:39:10 [INFO]: Root Router mounted at: /
yyyy-12-01 17:39:10 [INFO]: Routes Mounted... 

yyyy-12-01 17:39:10 [INFO]: Server is running at http://localhost:3000 with 9865

yyyy-12-01 17:39:10 [INFO]: Server is running at http://localhost:3000 with 9892

yyyy-12-01 17:39:10 [INFO]: Server is running at http://localhost:3000 with 9874

yyyy-12-01 17:39:10 [INFO]: Loading App... 

yyyy-12-01 17:39:10 [INFO]: MongoDB connected 

yyyy-12-01 17:39:10 [INFO]: MongoDB connected 

yyyy-12-01 17:39:10 [INFO]: Loading Middlewares...
yyyy-12-01 17:39:10 [INFO]: All Middlewares Loaded...

yyyy-12-01 17:39:10 [INFO]: Mounting Routes...
yyyy-12-01 17:39:10 [INFO]: Root Router mounted at: /
yyyy-12-01 17:39:10 [INFO]: Routes Mounted... 

yyyy-12-01 17:39:10 [INFO]: Loading Middlewares...
yyyy-12-01 17:39:10 [INFO]: All Middlewares Loaded...

yyyy-12-01 17:39:10 [INFO]: Mounting Routes...
yyyy-12-01 17:39:10 [INFO]: Root Router mounted at: /
yyyy-12-01 17:39:10 [INFO]: Routes Mounted... 

yyyy-12-01 17:39:10 [INFO]: Server is running at http://localhost:3000 with 9880

yyyy-12-01 17:39:10 [INFO]: Server is running at http://localhost:3000 with 9886

yyyy-12-01 17:39:10 [INFO]: Loading App... 

yyyy-12-01 17:39:10 [INFO]: Loading App... 

yyyy-12-01 17:39:10 [INFO]: MongoDB connected 

yyyy-12-01 17:39:10 [INFO]: Loading Middlewares...
yyyy-12-01 17:39:10 [INFO]: All Middlewares Loaded...

yyyy-12-01 17:39:10 [INFO]: Mounting Routes...
yyyy-12-01 17:39:10 [INFO]: Root Router mounted at: /
yyyy-12-01 17:39:10 [INFO]: Routes Mounted... 

yyyy-12-01 17:39:10 [INFO]: Server is running at http://localhost:3000 with 9867

yyyy-12-01 17:39:10 [INFO]: MongoDB connected 

yyyy-12-01 17:39:10 [INFO]: Loading Middlewares...
yyyy-12-01 17:39:10 [INFO]: All Middlewares Loaded...

yyyy-12-01 17:39:10 [INFO]: Mounting Routes...
yyyy-12-01 17:39:10 [INFO]: Root Router mounted at: /
yyyy-12-01 17:39:10 [INFO]: Routes Mounted... 

yyyy-12-01 17:39:10 [INFO]: Server is running at http://localhost:3000 with 9868

yyyy-12-01 19:39:40 [INFO]: Loading App... 

yyyy-12-01 19:39:40 [INFO]: Loading App... 

yyyy-12-01 19:39:40 [INFO]: Loading App... 

yyyy-12-01 19:39:40 [INFO]: MongoDB connected 

yyyy-12-01 19:39:40 [INFO]: MongoDB connected 

yyyy-12-01 19:39:40 [INFO]: Loading App... 

yyyy-12-01 19:39:40 [INFO]: MongoDB connected 

yyyy-12-01 19:39:40 [INFO]: Loading App... 

yyyy-12-01 19:39:40 [INFO]: Loading Middlewares...
yyyy-12-01 19:39:40 [INFO]: All Middlewares Loaded...

yyyy-12-01 19:39:40 [INFO]: Mounting Routes...
yyyy-12-01 19:39:40 [INFO]: Root Router mounted at: /
yyyy-12-01 19:39:40 [INFO]: Routes Mounted... 

yyyy-12-01 19:39:40 [INFO]: Loading Middlewares...
yyyy-12-01 19:39:40 [INFO]: All Middlewares Loaded...

yyyy-12-01 19:39:40 [INFO]: Mounting Routes...
yyyy-12-01 19:39:40 [INFO]: Root Router mounted at: /
yyyy-12-01 19:39:40 [INFO]: Routes Mounted... 

yyyy-12-01 19:39:40 [INFO]: Loading App... 

yyyy-12-01 19:39:40 [INFO]: Loading Middlewares...
yyyy-12-01 19:39:40 [INFO]: All Middlewares Loaded...

yyyy-12-01 19:39:40 [INFO]: Mounting Routes...
yyyy-12-01 19:39:40 [INFO]: Root Router mounted at: /
yyyy-12-01 19:39:40 [INFO]: Routes Mounted... 

yyyy-12-01 19:39:40 [INFO]: Server is running at http://localhost:3000 with 12829

yyyy-12-01 19:39:40 [INFO]: Server is running at http://localhost:3000 with 12820

yyyy-12-01 19:39:40 [INFO]: Server is running at http://localhost:3000 with 12841

yyyy-12-01 19:39:40 [INFO]: MongoDB connected 

yyyy-12-01 19:39:40 [INFO]: MongoDB connected 

yyyy-12-01 19:39:40 [INFO]: MongoDB connected 

yyyy-12-01 19:39:40 [INFO]: Loading Middlewares...
yyyy-12-01 19:39:40 [INFO]: All Middlewares Loaded...

yyyy-12-01 19:39:40 [INFO]: Mounting Routes...
yyyy-12-01 19:39:40 [INFO]: Root Router mounted at: /
yyyy-12-01 19:39:40 [INFO]: Routes Mounted... 

yyyy-12-01 19:39:40 [INFO]: Loading Middlewares...
yyyy-12-01 19:39:40 [INFO]: All Middlewares Loaded...

yyyy-12-01 19:39:40 [INFO]: Mounting Routes...
yyyy-12-01 19:39:40 [INFO]: Root Router mounted at: /
yyyy-12-01 19:39:40 [INFO]: Routes Mounted... 

yyyy-12-01 19:39:40 [INFO]: Server is running at http://localhost:3000 with 12823

yyyy-12-01 19:39:40 [INFO]: Server is running at http://localhost:3000 with 12835

yyyy-12-01 19:39:40 [INFO]: Loading Middlewares...
yyyy-12-01 19:39:40 [INFO]: All Middlewares Loaded...

yyyy-12-01 19:39:40 [INFO]: Mounting Routes...
yyyy-12-01 19:39:40 [INFO]: Root Router mounted at: /
yyyy-12-01 19:39:40 [INFO]: Routes Mounted... 

yyyy-12-01 19:39:40 [INFO]: Server is running at http://localhost:3000 with 12821

yyyy-12-01 19:39:40 [INFO]: Loading App... 

yyyy-12-01 19:39:40 [INFO]: Loading App... 

yyyy-12-01 19:39:40 [INFO]: MongoDB connected 

yyyy-12-01 19:39:40 [INFO]: Loading Middlewares...
yyyy-12-01 19:39:40 [INFO]: All Middlewares Loaded...

yyyy-12-01 19:39:40 [INFO]: Mounting Routes...
yyyy-12-01 19:39:40 [INFO]: Root Router mounted at: /
yyyy-12-01 19:39:40 [INFO]: Routes Mounted... 

yyyy-12-01 19:39:40 [INFO]: Server is running at http://localhost:3000 with 12847

yyyy-12-01 19:39:40 [INFO]: MongoDB connected 

yyyy-12-01 19:39:40 [INFO]: Loading Middlewares...
yyyy-12-01 19:39:40 [INFO]: All Middlewares Loaded...

yyyy-12-01 19:39:40 [INFO]: Mounting Routes...
yyyy-12-01 19:39:40 [INFO]: Root Router mounted at: /
yyyy-12-01 19:39:40 [INFO]: Routes Mounted... 

yyyy-12-01 19:39:40 [INFO]: Server is running at http://localhost:3000 with 12822

yyyy-12-01 19:39:49 [INFO]: Middleware 1 executed on process pid 12820
yyyy-12-01 19:39:58 [INFO]: Middleware 1 executed on process pid 12829
yyyy-12-01 19:39:58 [INFO]: Middleware 1 executed on process pid 12829
yyyy-12-01 19:39:58 [INFO]: Middleware 1 executed on process pid 12829
yyyy-12-01 19:39:58 [INFO]: Middleware 1 executed on process pid 12829
yyyy-12-01 19:39:58 [INFO]: Middleware 1 executed on process pid 12829
yyyy-12-01 19:39:59 [INFO]: Middleware 1 executed on process pid 12829
yyyy-12-01 19:39:59 [INFO]: Middleware 1 executed on process pid 12829
yyyy-12-01 19:39:59 [INFO]: Middleware 1 executed on process pid 12829
yyyy-12-01 19:39:59 [INFO]: Middleware 1 executed on process pid 12829
yyyy-12-01 19:39:59 [INFO]: Middleware 1 executed on process pid 12829
yyyy-12-01 19:39:59 [INFO]: Middleware 1 executed on process pid 12829
yyyy-12-01 19:40:00 [INFO]: Middleware 1 executed on process pid 12829
yyyy-12-01 19:40:00 [INFO]: Middleware 1 executed on process pid 12829
yyyy-12-01 19:40:00 [INFO]: Middleware 1 executed on process pid 12829
yyyy-12-01 19:40:00 [INFO]: Middleware 1 executed on process pid 12829
yyyy-12-01 19:40:00 [INFO]: Middleware 1 executed on process pid 12829
yyyy-12-01 19:40:00 [INFO]: Middleware 1 executed on process pid 12829
yyyy-12-01 19:40:00 [INFO]: Middleware 1 executed on process pid 12829
yyyy-12-01 19:40:01 [INFO]: Middleware 1 executed on process pid 12829
yyyy-12-01 19:40:01 [INFO]: Middleware 1 executed on process pid 12829
yyyy-12-01 19:40:01 [INFO]: Middleware 1 executed on process pid 12829
yyyy-12-01 19:40:01 [INFO]: Middleware 1 executed on process pid 12829
yyyy-12-01 19:40:01 [INFO]: Middleware 1 executed on process pid 12829
yyyy-12-01 19:40:01 [INFO]: Middleware 1 executed on process pid 12829
yyyy-12-01 19:40:02 [INFO]: Middleware 1 executed on process pid 12829
yyyy-12-01 19:40:02 [INFO]: Middleware 1 executed on process pid 12829
yyyy-12-01 19:41:06 [INFO]: Middleware 1 executed on process pid 12823
yyyy-12-01 19:41:06 [INFO]: Middleware 1 executed on process pid 12823
yyyy-12-01 19:41:06 [INFO]: Middleware 1 executed on process pid 12823
yyyy-12-01 19:41:06 [INFO]: Middleware 1 executed on process pid 12823
yyyy-12-01 19:41:06 [INFO]: Middleware 1 executed on process pid 12823
yyyy-12-01 19:41:07 [INFO]: Middleware 1 executed on process pid 12823
yyyy-12-01 19:41:07 [INFO]: Middleware 1 executed on process pid 12823
yyyy-12-01 19:41:07 [INFO]: Middleware 1 executed on process pid 12823
yyyy-12-01 19:41:07 [INFO]: Middleware 1 executed on process pid 12823
yyyy-12-01 19:41:07 [INFO]: Middleware 1 executed on process pid 12823
yyyy-12-01 19:41:07 [INFO]: Middleware 1 executed on process pid 12823
yyyy-12-01 19:41:07 [INFO]: Middleware 1 executed on process pid 12823
yyyy-12-01 19:41:08 [INFO]: Middleware 1 executed on process pid 12823
yyyy-12-01 19:41:08 [INFO]: Middleware 1 executed on process pid 12823
yyyy-12-01 19:41:08 [INFO]: Middleware 1 executed on process pid 12823
yyyy-12-01 19:41:08 [INFO]: Middleware 1 executed on process pid 12823
yyyy-12-01 19:41:08 [INFO]: Middleware 1 executed on process pid 12823
yyyy-12-01 19:41:08 [INFO]: Middleware 1 executed on process pid 12823
yyyy-12-01 19:41:09 [INFO]: Middleware 1 executed on process pid 12823
yyyy-12-01 19:41:09 [INFO]: Middleware 1 executed on process pid 12823
yyyy-12-01 19:41:09 [INFO]: Middleware 1 executed on process pid 12823
yyyy-12-01 19:41:09 [INFO]: Middleware 1 executed on process pid 12823
yyyy-12-01 19:41:09 [INFO]: Middleware 1 executed on process pid 12823
yyyy-12-01 19:41:09 [INFO]: Middleware 1 executed on process pid 12823
yyyy-12-01 19:41:10 [INFO]: Middleware 1 executed on process pid 12823
yyyy-12-01 19:41:10 [INFO]: Middleware 1 executed on process pid 12823
yyyy-12-01 19:41:10 [INFO]: Middleware 1 executed on process pid 12823
yyyy-12-01 19:41:10 [INFO]: Middleware 1 executed on process pid 12823
yyyy-12-01 19:41:10 [INFO]: Middleware 1 executed on process pid 12823
yyyy-12-01 19:41:10 [INFO]: Middleware 1 executed on process pid 12823
yyyy-12-01 19:41:10 [INFO]: Middleware 1 executed on process pid 12823
yyyy-12-01 19:41:11 [INFO]: Middleware 1 executed on process pid 12823
yyyy-12-01 19:41:11 [INFO]: Middleware 1 executed on process pid 12823
yyyy-12-01 19:41:11 [INFO]: Middleware 1 executed on process pid 12823
yyyy-12-01 19:41:11 [INFO]: Middleware 1 executed on process pid 12823
yyyy-12-01 19:41:11 [INFO]: Middleware 1 executed on process pid 12823
yyyy-12-01 19:41:11 [INFO]: Middleware 1 executed on process pid 12823
yyyy-12-01 19:41:12 [INFO]: Middleware 1 executed on process pid 12823
yyyy-12-01 19:41:12 [INFO]: Middleware 1 executed on process pid 12823
yyyy-12-01 19:41:12 [INFO]: Middleware 1 executed on process pid 12823
yyyy-12-01 19:41:12 [INFO]: Middleware 1 executed on process pid 12823
yyyy-12-01 19:41:12 [INFO]: Middleware 1 executed on process pid 12823
yyyy-12-01 19:41:13 [INFO]: Middleware 1 executed on process pid 12823
yyyy-12-01 19:41:13 [INFO]: Middleware 1 executed on process pid 12823
yyyy-12-01 19:41:13 [INFO]: Middleware 1 executed on process pid 12823
yyyy-12-01 19:41:13 [INFO]: Middleware 1 executed on process pid 12823
yyyy-12-01 19:41:13 [INFO]: Middleware 1 executed on process pid 12823
yyyy-12-01 19:41:14 [INFO]: Middleware 1 executed on process pid 12823
yyyy-12-01 19:41:15 [INFO]: Middleware 1 executed on process pid 12823
yyyy-12-01 19:41:15 [INFO]: Middleware 1 executed on process pid 12823
yyyy-12-01 19:41:15 [INFO]: Middleware 1 executed on process pid 12823
yyyy-12-01 19:41:15 [INFO]: Middleware 1 executed on process pid 12823
yyyy-12-01 19:41:15 [INFO]: Middleware 1 executed on process pid 12823
yyyy-12-01 19:41:15 [INFO]: Middleware 1 executed on process pid 12823
yyyy-12-01 19:41:16 [INFO]: Middleware 1 executed on process pid 12823
yyyy-12-01 19:41:16 [INFO]: Middleware 1 executed on process pid 12823
yyyy-12-01 19:41:16 [INFO]: Middleware 1 executed on process pid 12823
yyyy-12-01 19:41:16 [INFO]: Middleware 1 executed on process pid 12823
yyyy-12-01 19:41:16 [INFO]: Middleware 1 executed on process pid 12823
yyyy-12-01 19:41:17 [INFO]: Middleware 1 executed on process pid 12823
yyyy-12-01 19:41:39 [INFO]: Middleware 1 executed on process pid 12835
yyyy-12-01 19:41:41 [INFO]: Middleware 1 executed on process pid 12835
yyyy-12-01 19:41:42 [INFO]: Middleware 1 executed on process pid 12835
yyyy-02-06 17:03:52 [INFO]: Loading App... 

yyyy-02-06 17:03:52 [INFO]: Loading App... 

yyyy-02-06 17:03:52 [INFO]: Loading App... 

yyyy-02-06 17:03:52 [INFO]: Loading App... 

yyyy-02-06 17:03:52 [INFO]: Loading App... 

yyyy-02-06 17:03:52 [INFO]: Loading App... 

yyyy-02-06 17:03:52 [INFO]: Loading App... 

yyyy-02-06 17:03:52 [INFO]: Loading App... 

yyyy-02-06 17:03:52 [INFO]: MongoDB connected 

yyyy-02-06 17:03:52 [INFO]: MongoDB connected 

yyyy-02-06 17:03:52 [INFO]: MongoDB connected 

yyyy-02-06 17:03:52 [INFO]: MongoDB connected 

yyyy-02-06 17:03:52 [INFO]: MongoDB connected 

yyyy-02-06 17:03:52 [INFO]: MongoDB connected 

yyyy-02-06 17:03:52 [INFO]: MongoDB connected 

yyyy-02-06 17:03:52 [INFO]: Loading Middlewares...
yyyy-02-06 17:03:52 [INFO]: All Middlewares Loaded...

yyyy-02-06 17:03:52 [INFO]: Mounting Routes...
yyyy-02-06 17:03:52 [INFO]: Root Router mounted at: /
yyyy-02-06 17:03:52 [INFO]: Routes Mounted... 

yyyy-02-06 17:03:52 [INFO]: Loading Middlewares...
yyyy-02-06 17:03:52 [INFO]: All Middlewares Loaded...

yyyy-02-06 17:03:52 [INFO]: Mounting Routes...
yyyy-02-06 17:03:52 [INFO]: Root Router mounted at: /
yyyy-02-06 17:03:52 [INFO]: Routes Mounted... 

yyyy-02-06 17:03:52 [INFO]: Loading Middlewares...
yyyy-02-06 17:03:52 [INFO]: All Middlewares Loaded...

yyyy-02-06 17:03:52 [INFO]: Mounting Routes...
yyyy-02-06 17:03:52 [INFO]: Root Router mounted at: /
yyyy-02-06 17:03:52 [INFO]: Routes Mounted... 

yyyy-02-06 17:03:52 [INFO]: Loading Middlewares...
yyyy-02-06 17:03:52 [INFO]: All Middlewares Loaded...

yyyy-02-06 17:03:52 [INFO]: Mounting Routes...
yyyy-02-06 17:03:52 [INFO]: Root Router mounted at: /
yyyy-02-06 17:03:52 [INFO]: Routes Mounted... 

yyyy-02-06 17:03:52 [INFO]: Server is running at http://localhost:3000 with 2835468

yyyy-02-06 17:03:52 [INFO]: Server is running at http://localhost:3000 with 2835442

yyyy-02-06 17:03:52 [INFO]: Server is running at http://localhost:3000 with 2835456

yyyy-02-06 17:03:52 [INFO]: Loading Middlewares...
yyyy-02-06 17:03:52 [INFO]: All Middlewares Loaded...

yyyy-02-06 17:03:52 [INFO]: Mounting Routes...
yyyy-02-06 17:03:52 [INFO]: Root Router mounted at: /
yyyy-02-06 17:03:52 [INFO]: Routes Mounted... 

yyyy-02-06 17:03:52 [INFO]: MongoDB connected 

yyyy-02-06 17:03:52 [INFO]: Loading Middlewares...
yyyy-02-06 17:03:52 [INFO]: All Middlewares Loaded...

yyyy-02-06 17:03:52 [INFO]: Mounting Routes...
yyyy-02-06 17:03:52 [INFO]: Root Router mounted at: /
yyyy-02-06 17:03:52 [INFO]: Routes Mounted... 

yyyy-02-06 17:03:52 [INFO]: Loading Middlewares...
yyyy-02-06 17:03:52 [INFO]: All Middlewares Loaded...

yyyy-02-06 17:03:52 [INFO]: Mounting Routes...
yyyy-02-06 17:03:52 [INFO]: Root Router mounted at: /
yyyy-02-06 17:03:52 [INFO]: Routes Mounted... 

yyyy-02-06 17:03:52 [INFO]: Server is running at http://localhost:3000 with 2835441

yyyy-02-06 17:03:52 [INFO]: Server is running at http://localhost:3000 with 2835463

yyyy-02-06 17:03:52 [INFO]: Server is running at http://localhost:3000 with 2835444

yyyy-02-06 17:03:52 [INFO]: Server is running at http://localhost:3000 with 2835450

yyyy-02-06 17:03:52 [INFO]: Loading Middlewares...
yyyy-02-06 17:03:52 [INFO]: All Middlewares Loaded...

yyyy-02-06 17:03:52 [INFO]: Mounting Routes...
yyyy-02-06 17:03:52 [INFO]: Root Router mounted at: /
yyyy-02-06 17:03:52 [INFO]: Routes Mounted... 

yyyy-02-06 17:03:52 [INFO]: Server is running at http://localhost:3000 with 2835443

yyyy-02-06 17:08:40 [INFO]: Middleware 1 executed on process pid 2835441
yyyy-02-06 17:10:48 [INFO]: Loading App... 

yyyy-02-06 17:10:48 [INFO]: Loading App... 

yyyy-02-06 17:10:48 [INFO]: Loading App... 

yyyy-02-06 17:10:48 [INFO]: Loading App... 

yyyy-02-06 17:10:48 [INFO]: MongoDB connected 

yyyy-02-06 17:10:48 [INFO]: Loading Middlewares...
yyyy-02-06 17:10:48 [INFO]: All Middlewares Loaded...

yyyy-02-06 17:10:48 [INFO]: Mounting Routes...
yyyy-02-06 17:10:48 [INFO]: Root Router mounted at: /
yyyy-02-06 17:10:48 [INFO]: Routes Mounted... 

yyyy-02-06 17:10:48 [INFO]: MongoDB connected 

yyyy-02-06 17:10:48 [INFO]: Loading App... 

yyyy-02-06 17:10:48 [INFO]: MongoDB connected 

yyyy-02-06 17:10:48 [INFO]: Loading Middlewares...
yyyy-02-06 17:10:48 [INFO]: All Middlewares Loaded...

yyyy-02-06 17:10:48 [INFO]: Mounting Routes...
yyyy-02-06 17:10:48 [INFO]: Root Router mounted at: /
yyyy-02-06 17:10:48 [INFO]: Routes Mounted... 

yyyy-02-06 17:10:48 [INFO]: Loading Middlewares...
yyyy-02-06 17:10:48 [INFO]: All Middlewares Loaded...

yyyy-02-06 17:10:48 [INFO]: Mounting Routes...
yyyy-02-06 17:10:48 [INFO]: Root Router mounted at: /
yyyy-02-06 17:10:48 [INFO]: Routes Mounted... 

yyyy-02-06 17:10:48 [INFO]: Server is running at http://localhost:3000 with 2839239

yyyy-02-06 17:10:48 [INFO]: Server is running at http://localhost:3000 with 2839214

yyyy-02-06 17:10:48 [INFO]: Server is running at http://localhost:3000 with 2839222

yyyy-02-06 17:10:48 [INFO]: MongoDB connected 

yyyy-02-06 17:10:48 [INFO]: MongoDB connected 

yyyy-02-06 17:10:48 [INFO]: Loading App... 

yyyy-02-06 17:10:48 [INFO]: Loading Middlewares...
yyyy-02-06 17:10:48 [INFO]: All Middlewares Loaded...

yyyy-02-06 17:10:48 [INFO]: Mounting Routes...
yyyy-02-06 17:10:48 [INFO]: Root Router mounted at: /
yyyy-02-06 17:10:48 [INFO]: Routes Mounted... 

yyyy-02-06 17:10:48 [INFO]: Loading Middlewares...
yyyy-02-06 17:10:48 [INFO]: All Middlewares Loaded...

yyyy-02-06 17:10:48 [INFO]: Mounting Routes...
yyyy-02-06 17:10:48 [INFO]: Root Router mounted at: /
yyyy-02-06 17:10:48 [INFO]: Routes Mounted... 

yyyy-02-06 17:10:48 [INFO]: Server is running at http://localhost:3000 with 2839216

yyyy-02-06 17:10:48 [INFO]: Server is running at http://localhost:3000 with 2839228

yyyy-02-06 17:10:48 [INFO]: Loading App... 

yyyy-02-06 17:10:48 [INFO]: Loading App... 

yyyy-02-06 17:10:48 [INFO]: MongoDB connected 

yyyy-02-06 17:10:48 [INFO]: Loading Middlewares...
yyyy-02-06 17:10:48 [INFO]: All Middlewares Loaded...

yyyy-02-06 17:10:48 [INFO]: Mounting Routes...
yyyy-02-06 17:10:48 [INFO]: Root Router mounted at: /
yyyy-02-06 17:10:48 [INFO]: Routes Mounted... 

yyyy-02-06 17:10:48 [INFO]: Server is running at http://localhost:3000 with 2839213

yyyy-02-06 17:10:48 [INFO]: MongoDB connected 

yyyy-02-06 17:10:48 [INFO]: MongoDB connected 

yyyy-02-06 17:10:48 [INFO]: Loading Middlewares...
yyyy-02-06 17:10:48 [INFO]: All Middlewares Loaded...

yyyy-02-06 17:10:48 [INFO]: Mounting Routes...
yyyy-02-06 17:10:48 [INFO]: Root Router mounted at: /
yyyy-02-06 17:10:48 [INFO]: Routes Mounted... 

yyyy-02-06 17:10:48 [INFO]: Loading Middlewares...
yyyy-02-06 17:10:48 [INFO]: All Middlewares Loaded...

yyyy-02-06 17:10:48 [INFO]: Mounting Routes...
yyyy-02-06 17:10:48 [INFO]: Root Router mounted at: /
yyyy-02-06 17:10:48 [INFO]: Routes Mounted... 

yyyy-02-06 17:10:48 [INFO]: Server is running at http://localhost:3000 with 2839215

yyyy-02-06 17:10:48 [INFO]: Server is running at http://localhost:3000 with 2839245

yyyy-02-06 17:10:58 [INFO]: Middleware 1 executed on process pid 2839214
yyyy-02-06 17:13:29 [INFO]: Loading App... 

yyyy-02-06 17:13:29 [INFO]: MongoDB connected 

yyyy-02-06 17:13:29 [INFO]: Loading App... 

yyyy-02-06 17:13:29 [INFO]: Loading App... 

yyyy-02-06 17:13:29 [INFO]: Loading Middlewares...
yyyy-02-06 17:13:29 [INFO]: All Middlewares Loaded...

yyyy-02-06 17:13:29 [INFO]: Mounting Routes...
yyyy-02-06 17:13:29 [INFO]: Root Router mounted at: /
yyyy-02-06 17:13:29 [INFO]: Routes Mounted... 

yyyy-02-06 17:13:29 [INFO]: Server is running at http://localhost:3000 with 2840666

yyyy-02-06 17:13:29 [INFO]: MongoDB connected 

yyyy-02-06 17:13:29 [INFO]: Loading App... 

yyyy-02-06 17:13:29 [INFO]: Loading App... 

yyyy-02-06 17:13:29 [INFO]: Loading Middlewares...
yyyy-02-06 17:13:29 [INFO]: All Middlewares Loaded...

yyyy-02-06 17:13:29 [INFO]: Mounting Routes...
yyyy-02-06 17:13:29 [INFO]: Root Router mounted at: /
yyyy-02-06 17:13:29 [INFO]: Routes Mounted... 

yyyy-02-06 17:13:29 [INFO]: Server is running at http://localhost:3000 with 2840684

yyyy-02-06 17:13:29 [INFO]: MongoDB connected 

yyyy-02-06 17:13:29 [INFO]: Loading App... 

yyyy-02-06 17:13:29 [INFO]: MongoDB connected 

yyyy-02-06 17:13:29 [INFO]: MongoDB connected 

yyyy-02-06 17:13:29 [INFO]: Loading Middlewares...
yyyy-02-06 17:13:29 [INFO]: All Middlewares Loaded...

yyyy-02-06 17:13:29 [INFO]: Mounting Routes...
yyyy-02-06 17:13:29 [INFO]: Root Router mounted at: /
yyyy-02-06 17:13:29 [INFO]: Routes Mounted... 

yyyy-02-06 17:13:29 [INFO]: Server is running at http://localhost:3000 with 2840678

yyyy-02-06 17:13:29 [INFO]: Loading Middlewares...
yyyy-02-06 17:13:29 [INFO]: All Middlewares Loaded...

yyyy-02-06 17:13:29 [INFO]: Mounting Routes...
yyyy-02-06 17:13:29 [INFO]: Root Router mounted at: /
yyyy-02-06 17:13:29 [INFO]: Routes Mounted... 

yyyy-02-06 17:13:29 [INFO]: Loading Middlewares...
yyyy-02-06 17:13:29 [INFO]: All Middlewares Loaded...

yyyy-02-06 17:13:29 [INFO]: Mounting Routes...
yyyy-02-06 17:13:29 [INFO]: Root Router mounted at: /
yyyy-02-06 17:13:29 [INFO]: Routes Mounted... 

yyyy-02-06 17:13:29 [INFO]: Server is running at http://localhost:3000 with 2840663

yyyy-02-06 17:13:29 [INFO]: MongoDB connected 

yyyy-02-06 17:13:29 [INFO]: Server is running at http://localhost:3000 with 2840690

yyyy-02-06 17:13:29 [INFO]: Loading App... 

yyyy-02-06 17:13:29 [INFO]: Loading Middlewares...
yyyy-02-06 17:13:29 [INFO]: All Middlewares Loaded...

yyyy-02-06 17:13:29 [INFO]: Mounting Routes...
yyyy-02-06 17:13:29 [INFO]: Root Router mounted at: /
yyyy-02-06 17:13:29 [INFO]: Routes Mounted... 

yyyy-02-06 17:13:29 [INFO]: Server is running at http://localhost:3000 with 2840672

yyyy-02-06 17:13:29 [INFO]: MongoDB connected 

yyyy-02-06 17:13:29 [INFO]: Loading Middlewares...
yyyy-02-06 17:13:29 [INFO]: All Middlewares Loaded...

yyyy-02-06 17:13:29 [INFO]: Mounting Routes...
yyyy-02-06 17:13:29 [INFO]: Root Router mounted at: /
yyyy-02-06 17:13:29 [INFO]: Routes Mounted... 

yyyy-02-06 17:13:29 [INFO]: Loading App... 

yyyy-02-06 17:13:29 [INFO]: Server is running at http://localhost:3000 with 2840665

yyyy-02-06 17:13:29 [INFO]: MongoDB connected 

yyyy-02-06 17:13:29 [INFO]: Loading Middlewares...
yyyy-02-06 17:13:29 [INFO]: All Middlewares Loaded...

yyyy-02-06 17:13:29 [INFO]: Mounting Routes...
yyyy-02-06 17:13:29 [INFO]: Root Router mounted at: /
yyyy-02-06 17:13:29 [INFO]: Routes Mounted... 

yyyy-02-06 17:13:29 [INFO]: Server is running at http://localhost:3000 with 2840664

yyyy-02-06 17:13:34 [INFO]: Middleware 1 executed on process pid 2840684
yyyy-02-06 17:13:51 [INFO]: Loading App... 

yyyy-02-06 17:13:51 [INFO]: MongoDB connected 

yyyy-02-06 17:13:51 [INFO]: Loading Middlewares...
yyyy-02-06 17:13:51 [INFO]: All Middlewares Loaded...

yyyy-02-06 17:13:51 [INFO]: Mounting Routes...
yyyy-02-06 17:13:51 [INFO]: Root Router mounted at: /
yyyy-02-06 17:13:51 [INFO]: Routes Mounted... 

yyyy-02-06 17:13:51 [INFO]: Loading App... 

yyyy-02-06 17:13:51 [INFO]: Server is running at http://localhost:3000 with 2841194

yyyy-02-06 17:13:51 [INFO]: Loading App... 

yyyy-02-06 17:13:51 [INFO]: MongoDB connected 

yyyy-02-06 17:13:51 [INFO]: Loading App... 

yyyy-02-06 17:13:51 [INFO]: Loading Middlewares...
yyyy-02-06 17:13:51 [INFO]: All Middlewares Loaded...

yyyy-02-06 17:13:51 [INFO]: Mounting Routes...
yyyy-02-06 17:13:51 [INFO]: Root Router mounted at: /
yyyy-02-06 17:13:51 [INFO]: Routes Mounted... 

yyyy-02-06 17:13:51 [INFO]: Server is running at http://localhost:3000 with 2841218

yyyy-02-06 17:13:51 [INFO]: MongoDB connected 

yyyy-02-06 17:13:51 [INFO]: Loading App... 

yyyy-02-06 17:13:51 [INFO]: Loading Middlewares...
yyyy-02-06 17:13:51 [INFO]: All Middlewares Loaded...

yyyy-02-06 17:13:51 [INFO]: Mounting Routes...
yyyy-02-06 17:13:51 [INFO]: Root Router mounted at: /
yyyy-02-06 17:13:51 [INFO]: Routes Mounted... 

yyyy-02-06 17:13:51 [INFO]: Server is running at http://localhost:3000 with 2841200

yyyy-02-06 17:13:51 [INFO]: MongoDB connected 

yyyy-02-06 17:13:51 [INFO]: Loading Middlewares...
yyyy-02-06 17:13:51 [INFO]: All Middlewares Loaded...

yyyy-02-06 17:13:51 [INFO]: Mounting Routes...
yyyy-02-06 17:13:51 [INFO]: Root Router mounted at: /
yyyy-02-06 17:13:51 [INFO]: Routes Mounted... 

yyyy-02-06 17:13:51 [INFO]: MongoDB connected 

yyyy-02-06 17:13:51 [INFO]: Server is running at http://localhost:3000 with 2841193

yyyy-02-06 17:13:51 [INFO]: Loading Middlewares...
yyyy-02-06 17:13:51 [INFO]: All Middlewares Loaded...

yyyy-02-06 17:13:51 [INFO]: Mounting Routes...
yyyy-02-06 17:13:51 [INFO]: Root Router mounted at: /
yyyy-02-06 17:13:51 [INFO]: Routes Mounted... 

yyyy-02-06 17:13:51 [INFO]: Loading App... 

yyyy-02-06 17:13:51 [INFO]: Server is running at http://localhost:3000 with 2841191

yyyy-02-06 17:13:51 [INFO]: MongoDB connected 

yyyy-02-06 17:13:51 [INFO]: Loading Middlewares...
yyyy-02-06 17:13:51 [INFO]: All Middlewares Loaded...

yyyy-02-06 17:13:51 [INFO]: Mounting Routes...
yyyy-02-06 17:13:51 [INFO]: Root Router mounted at: /
yyyy-02-06 17:13:51 [INFO]: Routes Mounted... 

yyyy-02-06 17:13:51 [INFO]: Server is running at http://localhost:3000 with 2841192

yyyy-02-06 17:13:51 [INFO]: Loading App... 

yyyy-02-06 17:13:51 [INFO]: Loading App... 

yyyy-02-06 17:13:51 [INFO]: MongoDB connected 

yyyy-02-06 17:13:51 [INFO]: MongoDB connected 

yyyy-02-06 17:13:51 [INFO]: Loading Middlewares...
yyyy-02-06 17:13:51 [INFO]: All Middlewares Loaded...

yyyy-02-06 17:13:51 [INFO]: Mounting Routes...
yyyy-02-06 17:13:51 [INFO]: Root Router mounted at: /
yyyy-02-06 17:13:51 [INFO]: Routes Mounted... 

yyyy-02-06 17:13:51 [INFO]: Server is running at http://localhost:3000 with 2841212

yyyy-02-06 17:13:51 [INFO]: Loading Middlewares...
yyyy-02-06 17:13:51 [INFO]: All Middlewares Loaded...

yyyy-02-06 17:13:51 [INFO]: Mounting Routes...
yyyy-02-06 17:13:51 [INFO]: Root Router mounted at: /
yyyy-02-06 17:13:51 [INFO]: Routes Mounted... 

yyyy-02-06 17:13:51 [INFO]: Server is running at http://localhost:3000 with 2841206

yyyy-02-06 17:13:59 [INFO]: Middleware 1 executed on process pid 2841218
yyyy-02-06 17:21:56 [INFO]: Middleware 1 executed on process pid 2841193
yyyy-02-06 17:22:10 [INFO]: Middleware 1 executed on process pid 2841191
